[backblue.gif]
[fade.gif]
[index.html]
[www.designingmedia.com/html/FC-group/singlepage/images/favicon.png]
[www.designingmedia.com/html/FC-group/singlepage/images/small-logo.png]
[www.designingmedia.com/html/FC-group/singlepage/images/arrow-down.png]
[www.designingmedia.com/html/FC-group/singlepage/images/logo.png]
[www.designingmedia.com/html/FC-group/singlepage/images/business-meeting.png]
[www.designingmedia.com/html/FC-group/singlepage/images/who-we-are-img.png]
[www.designingmedia.com/html/FC-group/singlepage/images/icons/invest-img.png]
[www.designingmedia.com/html/FC-group/singlepage/images/icons/invest-imgHover.png]
[www.designingmedia.com/html/FC-group/singlepage/images/icons/funds-img.png]
[www.designingmedia.com/html/FC-group/singlepage/images/icons/funds-imgHover.png]
[www.designingmedia.com/html/FC-group/singlepage/images/icons/saving-img.png]
[www.designingmedia.com/html/FC-group/singlepage/images/icons/saving-imgHover.png]
[www.designingmedia.com/html/FC-group/singlepage/images/icons/retirement-img.png]
[www.designingmedia.com/html/FC-group/singlepage/images/icons/retirement-imgHover.png]
[www.designingmedia.com/html/FC-group/singlepage/images/business-quality.jpg]
[www.designingmedia.com/html/FC-group/singlepage/images/commitment.jpg]
[www.designingmedia.com/html/FC-group/singlepage/images/business-success.jpg]
[www.designingmedia.com/html/FC-group/singlepage/images/advisor-img1.png]
[www.designingmedia.com/html/FC-group/singlepage/images/advisor-img2.png]
[www.designingmedia.com/html/FC-group/singlepage/images/advisor-img3.png]
[www.designingmedia.com/html/FC-group/singlepage/images/advisor-img4.png]
[www.designingmedia.com/html/FC-group/singlepage/images/project-img1.jpg]
[www.designingmedia.com/html/FC-group/singlepage/images/project-img2.jpg]
[www.designingmedia.com/html/FC-group/singlepage/images/project-img4.jpg]
[www.designingmedia.com/html/FC-group/singlepage/images/project-img6.jpg]
[www.designingmedia.com/html/FC-group/singlepage/images/news-img1.jpg]
[www.designingmedia.com/html/FC-group/singlepage/images/news-img2.jpg]
[www.designingmedia.com/html/FC-group/singlepage/images/partners/partner-logo1.jpg]
[www.designingmedia.com/html/FC-group/singlepage/images/partners/partner-logo2.jpg]
[www.designingmedia.com/html/FC-group/singlepage/images/partners/partner-logo3.jpg]
[www.designingmedia.com/html/FC-group/singlepage/images/partners/partner-logo4.jpg]
[www.designingmedia.com/html/FC-group/singlepage/images/partners/partner-logo5.jpg]
[www.designingmedia.com/html/FC-group/singlepage/images/partners/partner-logo6.jpg]
[www.designingmedia.com/html/FC-group/singlepage/images/partners/partner-logo7.jpg]
[www.designingmedia.com/html/FC-group/singlepage/images/partners/partner-logo8.jpg]
[www.designingmedia.com/html/FC-group/singlepage/images/footer-logo.png]
[www.designingmedia.com/html/FC-group/singlepage/js/jquery-1.12.3.min.js]
[www.designingmedia.com/html/FC-group/singlepage/js/bootstrap/bootstrap.js]
[www.designingmedia.com/html/FC-group/singlepage/js/counter/counter.js]
[www.designingmedia.com/html/FC-group/singlepage/owl-carousel/js/owl.carousel.js]
[www.designingmedia.com/html/FC-group/singlepage/js/jquery.unveilEffects.js]
[www.designingmedia.com/html/FC-group/singlepage/js/jquery.easing.min.js]
[www.designingmedia.com/html/FC-group/singlepage/js/scrolling-nav.js]
[www.designingmedia.com/html/FC-group/singlepage/js/projects/isotope.js]
[www.designingmedia.com/html/FC-group/singlepage/js/form-submission/validate.js]
[www.designingmedia.com/html/FC-group/singlepage/js/form-submission/contact-form.js]
[www.designingmedia.com/html/FC-group/singlepage/index.html]
[www.designingmedia.com/html/FC-group/singlepage/index-2.html]
[www.designingmedia.com/html/FC-group/singlepage/js/custom.js]
[www.designingmedia.com/html/FC-group/singlepage/css/all-stylesheets.css]
[www.designingmedia.com/html/FC-group/singlepage/index-2.html]
[www.designingmedia.com/html/FC-group/singlepage/css/bootstrap/bootstrap.min.css]
[www.designingmedia.com/html/FC-group/singlepage/css/special-classes.css]
[www.designingmedia.com/html/FC-group/singlepage/css/headings.css]
[www.designingmedia.com/html/FC-group/singlepage/css/buttons.css]
[www.designingmedia.com/html/FC-group/singlepage/css/preloader.css]
[www.designingmedia.com/html/FC-group/singlepage/css/projects/projects.css]
[www.designingmedia.com/html/FC-group/singlepage/css/animation.css]
[www.designingmedia.com/html/FC-group/singlepage/images/big-logo-img.png]
[www.designingmedia.com/html/FC-group/singlepage/images/banners/home-banner.jpg]
[www.designingmedia.com/html/FC-group/singlepage/images/banners/home-banner2.jpg]
[www.designingmedia.com/html/FC-group/singlepage/images/banners/home-banner3.jpg]
[www.designingmedia.com/html/FC-group/singlepage/images/backgrounds/pattern-bg.jpg]
[www.designingmedia.com/html/FC-group/singlepage/images/icons/li-icon.png]
[www.designingmedia.com/html/FC-group/singlepage/images/arrow-right.png]
[www.designingmedia.com/html/FC-group/singlepage/images/arrow-left.png]
[www.designingmedia.com/html/FC-group/singlepage/images/support-team.jpg]
[www.designingmedia.com/html/FC-group/singlepage/images/breadcrumb-arrow-right.png]
[www.designingmedia.com/html/FC-group/singlepage/images/banners/services-banner-img.jpg]
[www.designingmedia.com/html/FC-group/singlepage/images/banners/project-banner.jpg]
[www.designingmedia.com/html/FC-group/singlepage/images/banners/about-banner.jpg]
[www.designingmedia.com/html/FC-group/singlepage/images/banners/contact-banner.jpg]
[www.designingmedia.com/html/FC-group/singlepage/images/banners/blog-banner.jpg]
[www.designingmedia.com/html/FC-group/singlepage/images/pagination-arrows.png]
[www.designingmedia.com/html/FC-group/singlepage/images/banners/faq-banner.jpg]
[www.designingmedia.com/html/FC-group/singlepage/images/banners/login-banner.jpg]
[www.designingmedia.com/html/FC-group/singlepage/images/banners/error-banner.jpg]
[www.designingmedia.com/html/FC-group/singlepage/css/custom-layout.css]
[www.designingmedia.com/html/FC-group/singlepage/fonts/roboto-black-webfont.eot]
[www.designingmedia.com/html/FC-group/singlepage/fonts/roboto-black-webfontd41d.eot]
[www.designingmedia.com/html/FC-group/singlepage/fonts/roboto-black-webfont.woff2]
[www.designingmedia.com/html/FC-group/singlepage/fonts/roboto-black-webfont.woff]
[www.designingmedia.com/html/FC-group/singlepage/fonts/roboto-black-webfont.ttf]
[www.designingmedia.com/html/FC-group/singlepage/css/fonts.css]
[www.designingmedia.com/html/FC-group/singlepage/css/typography.css]
[www.designingmedia.com/html/FC-group/singlepage/owl-carousel/css/owl.carousel.css]
[designingmedia.com/html/FC-group/singlepage/css/owl-carousel/css/owl.theme.html]
[designingmedia.com/html/FC-group/singlepage/css/owl-carousel/css/owl.transitions.html]
[designingmedia.com/html/FC-group/singlepage/css/owl-carousel/css/animate.html]
[www.designingmedia.com/html/FC-group/singlepage/fonts/fontawesome-webfonte0a5.eot]
[www.designingmedia.com/html/FC-group/singlepage/fonts/fontawesome-webfontd41d.eot]
[www.designingmedia.com/html/FC-group/singlepage/fonts/fontawesome-webfonte0a5.woff2]
[www.designingmedia.com/html/FC-group/singlepage/fonts/fontawesome-webfonte0a5.woff]
[www.designingmedia.com/html/FC-group/singlepage/fonts/fontawesome-webfonte0a5.ttf]
[www.designingmedia.com/html/FC-group/singlepage/fonts/font-awesome/css/font-awesome.css]
[www.designingmedia.com/html/FC-group/singlepage/css/mobile.css]
[designingmedia.com/html/FC-group/singlepage/css/fonts/glyphicons-halflings-regular.html]
[designingmedia.com/html/FC-group/singlepage/css/polina.html]
[www.designingmedia.com/html/FC-group/singlepage/fonts/roboto-black-webfont.svg]
[designingmedia.com/html/FC-group/singlepage/owl-carousel/css/owl.video.play.html]
[www.designingmedia.com/html/FC-group/singlepage/fonts/fontawesome-webfonte0a5.svg]
